Script started on 2024-01-10 16:02:02+01:00 [TERM="xterm-256color" TTY="/dev/pts/0" COLUMNS="135" LINES="64"]
make: *** No targets specified and no makefile found.  Stop.

Script done on 2024-01-10 16:02:02+01:00 [COMMAND_EXIT_CODE="2"]
